<!-- RECORD BEGIN 1 -->
<!-- COLUMN BEGIN name -->
John "BE" Constantine
<!-- COLUMN END   name -->
<!-- COLUMN BEGIN age -->
39
<!-- COLUMN END   age -->
<!-- RECORD END   1 -->
<!-- RECORD BEGIN 2 -->
<!-- COLUMN BEGIN name -->
MY NAME IS
<b>PRINCE</b>
AND I'M FUNKY
<!-- COLUMN END   name -->
<!-- COLUMN BEGIN age -->
1042
<!-- COLUMN END   age -->
<!-- RECORD END   2 -->
